[2026-06-06 22:54:36] Login pagina geladen
[2026-06-06 22:54:46] Login pagina geladen
[2026-06-06 22:54:46] Login poging: jan@example.com
[2026-06-06 22:54:46] CUSTOMER LOGIN SUCCESS
[2026-06-06 22:57:53] Login pagina geladen
[2026-06-06 22:58:00] Login pagina geladen
[2026-06-06 22:58:00] Login poging: jan@example.com
[2026-06-06 22:58:00] CUSTOMER LOGIN SUCCESS
[2026-06-07 02:41:33] Login pagina geladen
[2026-06-07 02:41:41] Login pagina geladen
[2026-06-07 02:41:41] Login poging: jan@example.com
[2026-06-07 02:41:41] CUSTOMER LOGIN SUCCESS
[2026-06-07 02:41:53] Login pagina geladen
[2026-06-07 02:42:02] Login pagina geladen
[2026-06-07 02:42:02] Login poging: Milendrootje@gmail.com
[2026-06-07 02:42:02] LOGIN FAILED
[2026-06-07 02:42:17] Login pagina geladen
[2026-06-07 02:42:17] Login poging: admin@shop.local
[2026-06-07 02:42:17] ADMIN LOGIN SUCCESS
[2026-06-07 02:52:38] Login pagina geladen
[2026-06-07 02:52:42] Login pagina geladen
[2026-06-07 02:52:52] Login pagina geladen
[2026-06-07 02:52:52] Login poging: jan***
[2026-06-07 02:52:53] LOGIN FAILED
[2026-06-07 02:53:10] Login pagina geladen
[2026-06-07 02:53:10] Login poging: jan***
[2026-06-07 02:53:11] CUSTOMER LOGIN SUCCESS
[2026-06-07 02:54:00] Login pagina geladen
[2026-06-07 02:54:08] Login pagina geladen
[2026-06-07 02:54:08] Login poging: lis***
[2026-06-07 02:54:09] CUSTOMER LOGIN SUCCESS
[2026-06-07 02:54:23] Login pagina geladen
[2026-06-07 02:54:50] Login pagina geladen
[2026-06-07 02:54:50] Login poging: adm***
[2026-06-07 02:54:51] ADMIN LOGIN SUCCESS
